
> smart-quality-control-frontend@0.0.0 build
> ng build

[33mΓ¥»[39m Building...
[32mΓ£ö[39m Building...
[1mInitial chunk files[22m[2m | [22m[1mNames[22m        [2m | [22m[1mRaw size[22m[2m | [22m[1mEstimated transfer size[22m
[32mmain-UNLNFPQK.js[39m   [2m | [22m[2mmain[22m         [2m | [22m [36m1.07 MB[39m[2m | [22m              [36m239.96 kB[39m
[32mstyles-RYTSFNL2.css[39m[2m | [22m[2mstyles[22m       [2m | [22m [36m1.14 kB[39m[2m | [22m              [36m423 bytes[39m

[1m [22m                  [2m | [22m[1mInitial total[22m[2m | [22m [1m[91m1.07 MB[39m[22m[2m | [22m              [1m240.38 kB[22m

Application bundle generation failed. [3.459 seconds] - 2026-03-30T12:37:25.207Z

node.exe : [1m[33m[33mΓû▓ [43;33m[[43;30mWARNING[43;33m][0m [1mbundle initial 
exceeded maximum budget. Budget 500.00 kB was not met by 566.86 kB with a total of 1.07 
MB.[0m
At line:1 char:1
+ & "C:\Program Files\nodejs/node.exe" "C:\Program Files\nodejs/node_mo ...
+ ~~~~~~~~~~~~~~~~~~~~~~~~~~~~~~~~~~~~~~~~~~~~~~~~~~~~~~~~~~~~~~~~~~~~~
    + CategoryInfo          : NotSpecified: ([1m[33m[33mΓ...of 1.07 MB.[0m:String) [], 
    RemoteException
    + FullyQualifiedErrorId : NativeCommandError
 


[33mΓû▓ [43;33m[[43;30mWARNING[43;33m][0m 
[1msrc/app/pages/worker/dashboard/dashboard.component.css exceeded maximum budget. Budget 
4.00 kB was not met by 2.23 kB with a total of 6.23 kB.[0m


[33mΓû▓ [43;33m[[43;30mWARNING[43;33m][0m 
[1msrc/app/pages/admin/dashboard/dashboard.component.css exceeded maximum budget. Budget 
4.00 kB was not met by 10.19 kB with a total of 14.19 kB.[0m


[33mΓû▓ [43;33m[[43;30mWARNING[43;33m][0m 
[1msrc/app/pages/admin/dashboard/dashboard.component.css exceeded maximum budget. Budget 
4.00 kB was not met by 10.73 kB with a total of 14.73 kB.[0m


[33mΓû▓ [43;33m[[43;30mWARNING[43;33m][0m 
[1msrc/app/pages/admin/dashboard/dashboard.component.css exceeded maximum budget. Budget 
4.00 kB was not met by 10.28 kB with a total of 14.28 kB.[0m

[39m[22m
[1m[31m[31mX [41;31m[[41;97mERROR[41;31m][0m [1mbundle initial exceeded maximum 
budget. Budget 1.00 MB was not met by 66.86 kB with a total of 1.07 MB.[0m


[31mX [41;31m[[41;97mERROR[41;31m][0m 
[1msrc/app/pages/admin/dashboard/dashboard.component.css exceeded maximum budget. Budget 
8.00 kB was not met by 6.19 kB with a total of 14.19 kB.[0m


[31mX [41;31m[[41;97mERROR[41;31m][0m 
[1msrc/app/pages/admin/dashboard/dashboard.component.css exceeded maximum budget. Budget 
8.00 kB was not met by 6.73 kB with a total of 14.73 kB.[0m


[31mX [41;31m[[41;97mERROR[41;31m][0m 
[1msrc/app/pages/admin/dashboard/dashboard.component.css exceeded maximum budget. Budget 
8.00 kB was not met by 6.28 kB with a total of 14.28 kB.[0m

[39m[22m
